11-18 16:47:04.319 D/NetworkTypeController(  889): [0] LegacyState: process EVENT_DATA_RAT_CHANGED
11-18 16:47:04.319 D/NetworkTypeController(  889): [0] Remove all timers
11-18 16:47:04.319 D/NetworkTypeController(  889): [0] Remove all timers
11-18 16:47:04.320 D/DCT-C-0 (  889): reevaluateUnmeteredConnections
11-18 16:47:04.322 D/DataService(  889): Data service created
11-18 16:47:04.324 D/TelephonyNetworkFactory[0](  889): got request NetworkRequest [ TRACK_DEFAULT id=16, [ Capabilities: INTERNET&NOT_RESTRICTED&TRUSTED Uid: 1001 AdministratorUids: [] RequestorUid: 1001 RequestorPackageName: com.android.phone] ] with score 0 and providerId 0
11-18 16:47:04.326 D/DcRequest(  889): Cellular request confirmed: NetworkRequest [ REQUEST id=1, [ Capabilities: INTERNET&NOT_RESTRICTED&TRUSTED&NOT_VPN AdministratorUids: [] RequestorUid: 1000 RequestorPackageName: android] ]
11-18 16:47:04.327 D/PhoneSwitcher(  889): evaluating due to netRequest
11-18 16:47:04.327 D/PhoneSwitcher(  889): notifyPreferredDataSubIdChanged to -1
11-18 16:47:04.329 D/PhoneSwitcher(  889): Added DcRequest, size: 1
11-18 16:47:04.331 D/DcRequest(  889): Cellular request confirmed: NetworkRequest [ TRACK_DEFAULT id=9, [ Capabilities: INTERNET&NOT_RESTRICTED&TRUSTED Uid: 1073 AdministratorUids: [] RequestorUid: 1073 RequestorPackageName: com.android.networkstack] ]
11-18 16:47:04.331 D/PhoneSwitcher(  889): evaluating due to netRequest
11-18 16:47:04.332 D/PhoneSwitcher(  889): notifyPreferredDataSubIdChanged to -1
11-18 16:47:04.335 D/PhoneSwitcher(  889): Added DcRequest, size: 2
11-18 16:47:04.336 D/DcRequest(  889): Cellular request confirmed: NetworkRequest [ BACKGROUND_REQUEST id=2, [ Transports: CELLULAR Capabilities: INTERNET&NOT_RESTRICTED&TRUSTED&NOT_VPN AdministratorUids: [] RequestorUid: 1000 RequestorPackageName: android] ]
11-18 16:47:04.337 D/PhoneSwitcher(  889): evaluating due to netRequest
11-18 16:47:04.337 D/PhoneSwitcher(  889): notifyPreferredDataSubIdChanged to -1
11-18 16:47:04.339 D/PhoneSwitcher(  889): Added DcRequest, size: 3
11-18 16:47:04.345 D/DcRequest(  889): Cellular request confirmed: NetworkRequest [ REQUEST id=11, [ Capabilities: INTERNET&NOT_RESTRICTED&TRUSTED&NOT_VPN AdministratorUids: [] RequestorUid: 1073 RequestorPackageName: com.android.networkstack] ]
11-18 16:47:04.345 D/PhoneSwitcher(  889): evaluating due to netRequest
11-18 16:47:04.346 D/PhoneSwitcher(  889): notifyPreferredDataSubIdChanged to -1
11-18 16:47:04.347 D/PhoneSwitcher(  889): Added DcRequest, size: 4
11-18 16:47:04.349 D/DcRequest(  889): Cellular request confirmed: NetworkRequest [ TRACK_DEFAULT id=8, [ Capabilities: INTERNET&NOT_RESTRICTED&TRUSTED Uid: 1000 AdministratorUids: [] RequestorUid: 1000 RequestorPackageName: android] ]
11-18 16:47:04.349 D/PhoneSwitcher(  889): evaluating due to netRequest
11-18 16:47:04.350 D/PhoneSwitcher(  889): notifyPreferredDataSubIdChanged to -1
11-18 16:47:04.352 D/PhoneSwitcher(  889): Added DcRequest, size: 5
11-18 16:47:04.353 D/TelephonyNetworkFactory[0](  889): onNeedNetworkFor NetworkRequest [ REQUEST id=1, [ Capabilities: INTERNET&NOT_RESTRICTED&TRUSTED&NOT_VPN AdministratorUids: [] RequestorUid: 1000 RequestorPackageName: android] ] shouldApply false
11-18 16:47:04.353 D/TelephonyNetworkFactory[0](  889): onNeedNetworkFor NetworkRequest [ TRACK_DEFAULT id=9, [ Capabilities: INTERNET&NOT_RESTRICTED&TRUSTED Uid: 1073 AdministratorUids: [] RequestorUid: 1073 RequestorPackageName: com.android.networkstack] ] shouldApply false
11-18 16:47:04.353 D/TelephonyNetworkFactory[0](  889): onNeedNetworkFor NetworkRequest [ BACKGROUND_REQUEST id=2, [ Transports: CELLULAR Capabilities: INTERNET&NOT_RESTRICTED&TRUSTED&NOT_VPN AdministratorUids: [] RequestorUid: 1000 RequestorPackageName: android] ] shouldApply false
11-18 16:47:04.354 D/TelephonyNetworkFactory[0](  889): onNeedNetworkFor NetworkRequest [ REQUEST id=11, [ Capabilities: INTERNET&NOT_RESTRICTED&TRUSTED&NOT_VPN AdministratorUids: [] RequestorUid: 1073 RequestorPackageName: com.android.networkstack] ] shouldApply false
11-18 16:47:04.354 D/TelephonyNetworkFactory[0](  889): onNeedNetworkFor NetworkRequest [ TRACK_DEFAULT id=8, [ Capabilities: INTERNET&NOT_RESTRICTED&TRUSTED Uid: 1000 AdministratorUids: [] RequestorUid: 1000 RequestorPackageName: android] ] shouldApply false
11-18 16:47:04.355 D/TelephonyNetworkFactory[0](  889): onNeedNetworkFor NetworkRequest [ TRACK_DEFAULT id=14, [ Capabilities: INTERNET&NOT_RESTRICTED&TRUSTED Uid: 10116 AdministratorUids: [] RequestorUid: 10116 RequestorPackageName: com.android.systemui] ] shouldApply false
11-18 16:47:04.356 D/DcRequest(  889): Cellular request confirmed: NetworkRequest [ TRACK_DEFAULT id=14, [ Capabilities: INTERNET&NOT_RESTRICTED&TRUSTED Uid: 10116 AdministratorUids: [] RequestorUid: 10116 RequestorPackageName: com.android.systemui] ]
11-18 16:47:04.356 D/PhoneSwitcher(  889): evaluating due to netRequest
11-18 16:47:04.357 D/PhoneSwitcher(  889): notifyPreferredDataSubIdChanged to -1
11-18 16:47:04.358 D/PhoneSwitcher(  889): Added DcRequest, size: 6
11-18 16:47:04.359 D/TelephonyNetworkFactory[0](  889): onNeedNetworkFor NetworkRequest [ TRACK_DEFAULT id=15, [ Capabilities: INTERNET&NOT_RESTRICTED&TRUSTED Uid: 10116 AdministratorUids: [] RequestorUid: 10116 RequestorPackageName: com.android.systemui] ] shouldApply false
11-18 16:47:04.360 D/DcRequest(  889): Cellular request confirmed: NetworkRequest [ TRACK_DEFAULT id=15, [ Capabilities: INTERNET&NOT_RESTRICTED&TRUSTED Uid: 10116 AdministratorUids: [] RequestorUid: 10116 RequestorPackageName: com.android.systemui] ]
11-18 16:47:04.361 D/PhoneSwitcher(  889): evaluating due to netRequest
11-18 16:47:04.362 D/PhoneSwitcher(  889): notifyPreferredDataSubIdChanged to -1
11-18 16:47:04.363 D/PhoneSwitcher(  889): Added DcRequest, size: 7
11-18 16:47:04.375 D/NRM-C-0 (  889): service ComponentInfo{com.android.phone/com.android.internal.telephony.CellularNetworkService} for transport WWAN is now connected.
11-18 16:47:04.376 D/DSM-C-0 (  889): onServiceConnected
11-18 16:47:04.377 D/CellularDataService(  889): Cellular data service created for slot 0
11-18 16:47:04.380 D/DcRequest(  889): Cellular request confirmed: NetworkRequest [ TRACK_DEFAULT id=16, [ Capabilities: INTERNET&NOT_RESTRICTED&TRUSTED Uid: 1001 AdministratorUids: [] RequestorUid: 1001 RequestorPackageName: com.android.phone] ]
11-18 16:47:04.380 D/PhoneSwitcher(  889): evaluating due to netRequest
11-18 16:47:04.381 D/PhoneSwitcher(  889): notifyPreferredDataSubIdChanged to -1
11-18 16:47:04.383 D/PhoneSwitcher(  889): Added DcRequest, size: 8
11-18 16:47:04.384 D/TelephonyNetworkFactory[0](  889): onNeedNetworkFor NetworkRequest [ TRACK_DEFAULT id=16, [ Capabilities: INTERNET&NOT_RESTRICTED&TRUSTED Uid: 1001 AdministratorUids: [] RequestorUid: 1001 RequestorPackageName: com.android.phone] ] shouldApply false
11-18 16:47:05.112 D/SubscriptionController(  889): [getSlotIndex]- size == 0, return SIM_NOT_INSERTED instead
11-18 16:47:06.553 D/WAP PUSH(  889): Received broadcast android.intent.action.USER_UNLOCKED
11-18 16:47:06.554 D/WAP PUSH(  889): Received broadcast android.intent.action.USER_UNLOCKED
11-18 16:47:06.554 D/SmsBroadcastUndelivered(  889): Received broadcast android.intent.action.USER_UNLOCKED
11-18 16:47:06.555 D/SmsDispatchersController(  889): Received broadcast android.intent.action.USER_UNLOCKED
11-18 16:47:06.607 D/SmsBroadcastUndelivered(  889): scanning raw table for undelivered messages
11-18 16:47:06.858 D/SmsBroadcastUndelivered(  889): finished scanning raw table in 251 ms
11-18 16:47:06.888 D/SubscriptionController(  889): [getSlotIndex]- subId invalid
11-18 16:47:06.899 D/SubscriptionController(  889): [getSlotIndex]- subId invalid
11-18 16:47:06.916 D/SubscriptionController(  889): [getSlotIndex]- subId invalid
11-18 16:47:07.491 D/RLOG-RIL(  361): AT< ATE0
11-18 16:47:07.492 D/SubscriptionController(  889): [getSlotIndex]- subId invalid
11-18 16:47:07.534 D/SubscriptionController(  889): [getSlotIndex]- subId invalid
11-18 16:47:08.740 D/RLOG-RIL(  361): AT< +SIND: 12
11-18 16:47:08.742 D/RLOG-RIL(  361): AT< +ECIND: 2,0
11-18 16:47:08.897 D/RLOG-RIL(  361): AT< +SPUSATPROCMDIND:D00C810301050082028182990103
11-18 16:47:08.967 D/RLOG-RIL(  361): AT< +SPUSATPROCMDIND:D019810301250082028182850B80005500530049004D53618F0100
11-18 16:47:09.257 D/TelephonyNetworkFactory[0](  889): onReleaseNetworkFor NetworkRequest [ TRACK_DEFAULT id=16, [ Capabilities: INTERNET&NOT_RESTRICTED&TRUSTED Uid: 1001 AdministratorUids: [] RequestorUid: 1001 RequestorPackageName: com.android.phone] ] applied false
11-18 16:47:09.258 D/DcRequest(  889): Cellular request confirmed: NetworkRequest [ TRACK_DEFAULT id=16, [ Capabilities: INTERNET&NOT_RESTRICTED&TRUSTED Uid: 1001 AdministratorUids: [] RequestorUid: 1001 RequestorPackageName: com.android.phone] ]
11-18 16:47:09.259 D/PhoneSwitcher(  889): evaluating due to netReleased
11-18 16:47:09.259 D/PhoneSwitcher(  889): notifyPreferredDataSubIdChanged to -1
11-18 16:47:09.262 D/PhoneSwitcher(  889): Removed DcRequest, size: 7
11-18 16:47:09.336 D/RLOG-RIL(  361): AT< +CGREG: 2
11-18 16:47:09.346 D/RLOG-RIL(  361): AT< +CREG: 2
11-18 16:47:09.355 D/RLOG-RIL(  361): AT< +CEREG: 2
11-18 16:47:09.363 D/RLOG-RIL(  361): AT< +C5GREG: 4
11-18 16:47:09.375 D/RLOG-RIL(  361): AT< +SPUSATENDSESSIONIND
11-18 16:47:09.604 D/SubscriptionController(  889): [getSlotIndex]- subId invalid
11-18 16:47:09.605 D/SubscriptionController(  889): [getSlotIndex]- subId invalid
11-18 16:47:12.483 D/RLOG-RIL(  361): AT> ATV1
11-18 16:47:12.487 D/RLOG-RIL(  361): AT< OK
11-18 16:47:12.487 D/RLOG-RIL(  361): AT> ATE0
11-18 16:47:12.489 D/RLOG-RIL(  361): AT< OK
11-18 16:47:12.490 D/RLOG-RIL(  361): AT> ATV1
11-18 16:47:12.492 D/RLOG-RIL(  361): AT< OK
11-18 16:47:13.120 D/RLOG-RIL(  361): AT< +SPUSATPROCMDIND:D00C810301050082028182990103
11-18 16:47:13.492 I/RLOG-RIL(  361): Android version:11
11-18 16:47:13.492 D/RLOG-RIL(  361): AT< +SPUSATPROCMDIND:D019810301250082028182850B80005500530049004D53618F0100
11-18 16:47:13.492 D/RLOG-RIL(  361): AT< +SPUSATENDSESSIONIND
11-18 16:47:13.492 D/RLOG-RIL(  361): AT> AT^CURC=0
11-18 16:47:13.492 D/RLOG-RIL(  361): AT< +CSQ: 0,99
11-18 16:47:13.492 D/RLOG-RIL(  361): AT< +CESQ: 99,99,255,255,255,255,60,56,48
11-18 16:47:13.496 D/RLOG-RIL(  361): AT< OK
11-18 16:47:13.496 D/RLOG-RIL(  361): AT> ATS0=0
11-18 16:47:13.499 D/RLOG-RIL(  361): AT< OK
11-18 16:47:13.499 D/RLOG-RIL(  361): AT> AT+CMEE=1
11-18 16:47:13.502 D/RLOG-RIL(  361): AT< OK
11-18 16:47:13.502 D/RLOG-RIL(  361): AT> AT+LCTSW
11-18 16:47:13.523 D/RLOG-RIL(  361): AT< SoftwareVersion: 224705B01R8200C-M2
11-18 16:47:13.524 D/RLOG-RIL(  361): AT< InnerVersion: W22.47.4_P2
11-18 16:47:13.524 D/RLOG-RIL(  361): AT< AP: 8SG0001_0.04_L230301
11-18 16:47:13.524 D/RLOG-RIL(  361): AT< OK
11-18 16:47:13.526 D/RLOG-RIL(  361): Modem type is 10,err=1
11-18 16:47:13.526 I/RLOG-RIL(  361): initializeCallback g_dial_mode:5,g_netwrok_interface:usb0
11-18 16:47:13.526 D/RILC    (  361): radioStateChangedInd: radioState 0
11-18 16:47:13.527 I/RLOG-RIL(  361): external_property_at_cmd begin
11-18 16:47:13.527 I/RLOG-RIL(  361): external_property_at_cmd end
11-18 16:47:13.527 D/RILJ    (  889): [UNSL]< UNSOL_RESPONSE_RADIO_STATE_CHANGED radioStateChanged: 0 [PHONE0]
11-18 16:47:13.527 D/GsmCdmaPhone(  889): [0] EVENT EVENT_RADIO_STATE_CHANGED
11-18 16:47:13.528 D/GsmCdmaPhone(  889): handleRadioPowerStateChange, state= 0
11-18 16:47:13.529 D/SST     (  889): [0] received event 1
11-18 16:47:13.529 D/SST     (  889): [0] mDeviceShuttingDown=false, mDesiredPowerState=true, getRadioState=0, mPowerOffDelayNeed=true, mAlarmSwitch=false, mRadioDisabledByCarrier=false
11-18 16:47:13.531 D/RILJ    (  889): [0015]> RADIO_POWER on = true forEmergencyCall= false preferredForEmergencyCall=false [PHONE0]
11-18 16:47:13.532 D/RILC    (  361): setRadioPower: serial 15 on 1
11-18 16:47:13.532 D/SST     (  889): [0] pollState: modemTriggered=true
11-18 16:47:13.532 D/RLOG-RIL(  361): onRequest(23): RADIO_POWER
11-18 16:47:13.532 I/RLOG-RIL(  361): onOff=1
11-18 16:47:13.532 D/RLOG-RIL(  361): AT> AT+CFUN=1
11-18 16:47:13.532 D/NewNitzStateMachineImpl(  889): handleNetworkUnavailable(): mLatestNitzSignal was already null. Nothing to do.
11-18 16:47:13.534 D/RILJ    (  889): [0016]> OPERATOR [PHONE0]
11-18 16:47:13.535 D/RLOG-RIL(  361): AT< OK
11-18 16:47:13.536 D/RILJ    (  889): [0017]> QUERY_NETWORK_SELECTION_MODE [PHONE0]
11-18 16:47:13.537 D/UiccController(  889): handleMessage: Received RADIO_AVAILABLE for phoneId 0
11-18 16:47:13.538 D/UiccController(  889): Received EVENT_RADIO_AVAILABLE/EVENT_RADIO_ON, calling getIccCardStatus
11-18 16:47:13.539 D/RILJ    (  889): [0018]> DATA_REGISTRATION_STATE [PHONE0]
11-18 16:47:13.539 D/RILJ    (  889): getDataRegistrationState: overrideHalVersion=null [PHONE0]
11-18 16:47:13.540 D/RILJ    (  889): [0019]> GET_SIM_STATUS [PHONE0]
11-18 16:47:13.541 D/UiccController(  889): Received EVENT_RADIO_AVAILABLE/EVENT_RADIO_ON for phoneId 0, calling getIccSlotsStatus
11-18 16:47:13.541 D/RILJ    (  889): [0020]> VOICE_REGISTRATION_STATE [PHONE0]
11-18 16:47:13.541 D/RILJ    (  889): getVoiceRegistrationState: overrideHalVersion=null [PHONE0]
11-18 16:47:13.545 D/RadioConfig(  889): [0021]> GET_SLOT_STATUS
11-18 16:47:13.546 E/RadioConfig(  889): processResponse: Unexpected response! serial: 0 error: 0
11-18 16:47:13.547 E/RadioConfigResponse(  889): getSimSlotsStatusResponse: Error {.type = SOLICITED, .serial = 0, .error = NONE}
11-18 16:47:13.547 D/RILJ    (  889): [0022]> BASEBAND_VERSION [PHONE0]
11-18 16:47:13.548 D/RILJ    (  889): [0023]> RIL_REQUEST_DEVICE_IDENTITY [PHONE0]
11-18 16:47:13.550 D/RILJ    (  889): [0024]> RIL_REQUEST_GET_RADIO_CAPABILITY [PHONE0]
11-18 16:47:13.552 D/RILJ    (  889): [0025]> RIL_REQUEST_START_LCE reportIntervalMs = 200 pullMode = true [PHONE0]
11-18 16:47:13.554 D/RILJ    (  889): [0026]> RIL_REQUEST_SEND_DEVICE_STATE 1:true [PHONE0]
11-18 16:47:13.556 D/RILJ    (  889): [0027]> RIL_REQUEST_SEND_DEVICE_STATE 2:false [PHONE0]
11-18 16:47:13.558 D/RILJ    (  889): [0028]> RIL_REQUEST_SEND_DEVICE_STATE 0:false [PHONE0]
11-18 16:47:13.560 D/RILJ    (  889): [0029]> RIL_REQUEST_SET_UNSOLICITED_RESPONSE_FILTER -1 [PHONE0]
11-18 16:47:13.561 E/RILJ    (  889): setSignalStrengthReportingCriteria ignored on IRadio version less than 1.2 [PHONE0]
11-18 16:47:13.561 I/chatty  (  889): uid=1001(radio) com.android.phone identical 2 lines
11-18 16:47:13.561 E/RILJ    (  889): setSignalStrengthReportingCriteria ignored on IRadio version less than 1.2 [PHONE0]
11-18 16:47:13.563 D/RILJ    (  889): [0030]> RIL_REQUEST_SET_LINK_CAPACITY_REPORTING_CRITERIA [PHONE0]
11-18 16:47:13.563 E/RILJ    (  889): setLinkCapacityReportingCriteria ignored on IRadio version less than 1.2 [PHONE0]
11-18 16:47:13.565 D/RILJ    (  889): [0031]> RIL_REQUEST_SET_LINK_CAPACITY_REPORTING_CRITERIA [PHONE0]
11-18 16:47:13.565 E/RILJ    (  889): setLinkCapacityReportingCriteria ignored on IRadio version less than 1.2 [PHONE0]
11-18 16:47:13.566 D/RILJ    (  889): [0032]> RIL_REQUEST_SET_LINK_CAPACITY_REPORTING_CRITERIA [PHONE0]
11-18 16:47:13.566 E/RILJ    (  889): setLinkCapacityReportingCriteria ignored on IRadio version less than 1.2 [PHONE0]
11-18 16:47:13.568 D/RILJ    (  889): [0033]> RIL_REQUEST_SET_LINK_CAPACITY_REPORTING_CRITERIA [PHONE0]
11-18 16:47:13.568 E/RILJ    (  889): setLinkCapacityReportingCriteria ignored on IRadio version less than 1.2 [PHONE0]
11-18 16:47:13.568 D/DCT-C-0 (  889): onRadioAvailable
11-18 16:47:13.568 D/PhoneCfgMgr(  889): Received EVENT_RADIO_AVAILABLE/EVENT_RADIO_ON
11-18 16:47:13.569 D/PhoneCfgMgr(  889): getStaticPhoneCapability: sending the request for getting PhoneCapability
11-18 16:47:13.569 D/PhoneCfgMgr(  889): getStaticPhoneCapability: mStaticCapability maxActiveVoiceCalls=1 maxActiveData=1 max5G=0logicalModemList:[modemId=0 rat=0 isVoiceSupported:true isDataSupported:true]
11-18 16:47:13.570 D/GsmCdmaPhone(  889): [0] Received exception on event55 : com.android.internal.telephony.CommandException: REQUEST_NOT_SUPPORTED
11-18 16:47:13.570 D/PhoneCfgMgr(  889): 102 failure. Not updating modem status.com.android.internal.telephony.CommandException: REQUEST_NOT_SUPPORTED
11-18 16:47:13.570 D/PhoneCfgMgr(  889): 103 failure. Not getting phone capability.com.android.internal.telephony.CommandException: REQUEST_NOT_SUPPORTED
11-18 16:47:13.736 D/RILC    (  361): radioStateChangedInd: radioState 1
11-18 16:47:13.736 D/RILJ    (  889): [UNSL]< UNSOL_RESPONSE_RADIO_STATE_CHANGED radioStateChanged: 2 [PHONE0]
11-18 16:47:13.737 D/GsmCdmaPhone(  889): [0] EVENT EVENT_RADIO_STATE_CHANGED
11-18 16:47:13.737 D/GsmCdmaPhone(  889): handleRadioPowerStateChange, state= 2
11-18 16:47:13.738 D/SST     (  889): [0] received event 1
11-18 16:47:13.738 D/SST     (  889): [0] mDeviceShuttingDown=false, mDesiredPowerState=true, getRadioState=2, mPowerOffDelayNeed=true, mAlarmSwitch=false, mRadioDisabledByCarrier=false
11-18 16:47:13.738 D/SST     (  889): [0] pollState: modemTriggered=true
11-18 16:47:13.738 D/NewNitzStateMachineImpl(  889): handleNetworkUnavailable(): mLatestNitzSignal was already null. Nothing to do.
11-18 16:47:13.739 D/SST     (  889): [0] Poll ServiceState done:  oldSS=[{mVoiceRegState=1(OUT_OF_SERVICE), mDataRegState=1(OUT_OF_SERVICE), mChannelNumber=-1, duplexMode()=0, mCellBandwidths=[], mOperatorAlphaLong=null, mOperatorAlphaShort=null, isManualNetworkSelection=false(automatic), getRilVoiceRadioTechnology=0(Unknown), getRilDataRadioTechnology=0(Unknown), mCssIndicator=unsupported, mNetworkId=-1, mSystemId=-1, mCdmaRoamingIndicator=-1, mCdmaDefaultRoamingIndicator=-1, mIsEmergencyOnly=false, isUsingCarrierAggregation=false, mLteEarfcnRsrpBoost=0, mNetworkRegistrationInfos=[NetworkRegistrationInfo{ domain=CS transportType=WWAN registrationState=UNKNOWN roamingType=NOT_ROAMING accessNetworkTechnology=UNKNOWN rejectCause=0 emergencyEnabled=false availableServices=[] cellIdentity=null voiceSpecificInfo=null dataSpecificInfo=null nrState=NONE rRplmn=}, NetworkRegistrationInfo{ domain=PS transportType=WWAN registrationState=UNKNOWN roamingType=NOT_ROAMING accessNetworkTechnology=UNKNOWN rejectCause=0 emergencyEnabled=false availableServices=[] cellIdentity=null voiceSpecificInfo=null dataSpecificInfo=null nrState=NONE rRplmn=}], mNrFrequencyRange=0, mOperatorAlphaLongRaw=null, mOperatorAlphaShortRaw=null, mIsDataRoamingFromRegistration=false, mIsIwlanPreferred=false}] newSS=[{mVoiceRegState=1(OUT_OF_SERVICE), mDataRegState=1(OUT_OF_SERVICE), mChannelNumber=-1, duplexMode()=0, mCellBandwidths=[], mOperatorAlphaLong=null, mOperatorAlphaShort=null, isManualNetworkSelection=false(automatic), getRilVoiceRadioTechnology=0(Unknown), getRilDataRadioTechnology=0(Unknown), mCssIndicator=unsupported, mNetworkId=-1, mSystemId=-1, mCdmaRoamingIndicator=-1, mCdmaDefaultRoamingIndicator=-1, mIsEmergencyOnly=false, isUsingCarrierAggregation=false, mLteEarfcnRsrpBoost=0, mNetworkRegistrationInfos=[NetworkRegistrationInfo{ domain=CS transportType=WWAN registrationState=UNKNOWN roamingType=NOT_ROAMING accessNetworkTechnology=UNKNOWN rejectCause=0 emergencyEnabled=false availableServices=[] cellIdentity=null voiceSpecificInfo=null dataSpecificInfo=null nrState=NONE rRplmn=}, NetworkRegistrationInfo{ domain=PS transportType=WWAN registrationState=UNKNOWN roamingType=NOT_ROAMING accessNetworkTechnology=UNKNOWN rejectCause=0 emergencyEnabled=false availableServices=[] cellIdentity=null voiceSpecificInfo=null dataSpecificInfo=null nrState=NONE rRplmn=}], mNrFrequencyRange=0, mOperatorAlphaLongRaw=null, mOperatorAlphaShortRaw=null, mIsDataRoamingFromRegistration=false, mIsIwlanPreferred=false}] oldMaxDataCalls=1 mNewMaxDataCalls=1 oldReasonDataDenied=-1 mNewReasonDataDenied=-1
11-18 16:47:13.739 D/SST     (  889): [0] pollStateDone: hasRegistered = false hasDeregistered = false hasDataAttached = {1=false} hasDataDetached = {1=false} hasDataRegStateChanged = {1=false} hasRilVoiceRadioTechnologyChanged = false hasRilDataRadioTechnologyChanged = {1=false} hasDataTransportPreferenceChanged = false hasChanged = false hasVoiceRoamingOn = false hasVoiceRoamingOff = false hasDataRoamingOn =false hasDataRoamingOff = false hasLocationChanged = false has4gHandoff = false hasMultiApnSupport = false hasLostMultiApnSupport = false hasCssIndicatorChanged = false hasNrFrequencyRangeChanged = false hasNrStateChanged = false hasAirplaneModeOnlChanged = false
11-18 16:47:13.740 D/UiccController(  889): handleMessage: Received RADIO_UNAVAILABLE for phoneId 0
11-18 16:47:13.740 D/UiccController(  889): EVENT_RADIO_UNAVAILABLE, dispose card
11-18 16:47:13.742 D/RILJ    (  889): [0034]> GET_CURRENT_CALLS [PHONE0]
11-18 16:47:13.743 D/GsmSMSDispatcher(  889): GsmSMSDispatcher: subId = -1 slotId = 0
11-18 16:47:13.743 D/SST     (  889): [0] received event 42
11-18 16:47:13.743 D/SST     (  889): [0] EVENT_ICC_CHANGED: SIM absent
11-18 16:47:13.743 D/SST     (  889): [0] cancelAllNotifications: mPrevSubId=-1
11-18 16:47:13.744 D/SST     (  889): [0] updateSpnDisplayLegacy+
11-18 16:47:13.747 D/SST     (  889): [0] updateSpnDisplay: radio is on but out of service, set plmn='没有服务'
11-18 16:47:13.747 D/SST     (  889): [0] updateSpnDisplay: rawSpn = 
11-18 16:47:13.748 D/SST     (  889): [0] updateSpnDisplayLegacy-
11-18 16:47:13.748 D/CarrierResolver(  889): handleMessage: 2
11-18 16:47:13.936 I/RLOG-RIL(  361): getSIMStatus retry_cpin=49
11-18 16:47:13.936 D/RLOG-RIL(  361): AT> AT+CPIN?
11-18 16:47:13.940 D/RLOG-RIL(  361): AT< +CPIN: READY
11-18 16:47:13.940 D/RLOG-RIL(  361): AT< OK
11-18 16:47:13.941 D/RILC    (  361): radioStateChangedInd: radioState 10
11-18 16:47:13.941 D/RLOG-RIL(  361): AT> AT+CIMI
11-18 16:47:13.942 D/RILJ    (  889): [UNSL]< UNSOL_RESPONSE_RADIO_STATE_CHANGED radioStateChanged: 1 [PHONE0]
11-18 16:47:13.942 D/GsmCdmaPhone(  889): [0] EVENT EVENT_RADIO_STATE_CHANGED
11-18 16:47:13.942 D/GsmCdmaPhone(  889): handleRadioPowerStateChange, state= 1
11-18 16:47:13.942 D/RILJ    (  889): [UNSL]< UNSOL_RESPONSE_SIM_STATUS_CHANGED [PHONE0]
11-18 16:47:13.943 D/RLOG-RIL(  361): AT< 460097186816787
11-18 16:47:13.943 D/RLOG-RIL(  361): AT< OK
11-18 16:47:13.943 D/SST     (  889): [0] received event 1
11-18 16:47:13.943 D/RLOG-RIL(  361): g_imsi=460097186816787
11-18 16:47:13.943 D/SST     (  889): [0] mDeviceShuttingDown=false, mDesiredPowerState=true, getRadioState=1, mPowerOffDelayNeed=true, mAlarmSwitch=false, mRadioDisabledByCarrier=false
11-18 16:47:13.944 D/RLOG-RIL(  361): AT> AT+LSHYMODEIND=1
11-18 16:47:13.944 D/SST     (  889): [0] pollState: modemTriggered=true
11-18 16:47:13.944 D/RILJ    (  889): [UNSL]< UNSOL_DATA_CALL_LIST_CHANGED [] [PHONE0]
11-18 16:47:13.945 D/Dcc-C-0 (  889): onDataStateChanged: dcsList=[] dcListActiveByCid={}
11-18 16:47:13.945 D/RLOG-RIL(  361): AT< +CME ERROR: 4
11-18 16:47:13.945 D/Dcc-C-0 (  889): onDataStateChanged: dcsToRetry=[]
11-18 16:47:13.946 D/Dcc-C-0 (  889): onDataStateChanged: Data Activity updated to NONE. isAnyDataCallActive = false isAnyDataCallDormant = false
11-18 16:47:13.946 D/Dcc-C-0 (  889): onDataStateChanged: dcsToRetry=[] apnsToCleanup=[]
11-18 16:47:13.946 D/RILJ    (  889): [0035]> OPERATOR [PHONE0]
11-18 16:47:13.948 D/RLOG-RIL(  361): AT> AT+CREG=2
11-18 16:47:13.948 D/RILJ    (  889): [0036]> QUERY_NETWORK_SELECTION_MODE [PHONE0]
11-18 16:47:13.948 D/UiccController(  889): handleMessage: Received RADIO_AVAILABLE for phoneId 0
11-18 16:47:13.949 D/UiccController(  889): Received EVENT_RADIO_AVAILABLE/EVENT_RADIO_ON, calling getIccCardStatus
11-18 16:47:13.950 D/RILJ    (  889): [0037]> DATA_REGISTRATION_STATE [PHONE0]
11-18 16:47:13.950 D/RILJ    (  889): getDataRegistrationState: overrideHalVersion=null [PHONE0]
11-18 16:47:13.951 D/RILJ    (  889): [0038]> GET_SIM_STATUS [PHONE0]
11-18 16:47:13.951 D/RLOG-RIL(  361): AT< OK
11-18 16:47:13.951 D/RLOG-RIL(  361): AT> AT+CGREG=2
11-18 16:47:13.952 D/UiccController(  889): Received EVENT_RADIO_AVAILABLE/EVENT_RADIO_ON for phoneId 0, calling getIccSlotsStatus
11-18 16:47:13.952 D/RILJ    (  889): [0039]> VOICE_REGISTRATION_STATE [PHONE0]
11-18 16:47:13.952 D/RILJ    (  889): getVoiceRegistrationState: overrideHalVersion=null [PHONE0]
11-18 16:47:13.952 D/RadioConfig(  889): [0040]> GET_SLOT_STATUS
11-18 16:47:13.953 E/RadioConfig(  889): processResponse: Unexpected response! serial: 0 error: 0
11-18 16:47:13.953 E/RadioConfigResponse(  889): getSimSlotsStatusResponse: Error {.type = SOLICITED, .serial = 0, .error = NONE}
11-18 16:47:13.954 D/RLOG-RIL(  361): AT< OK
11-18 16:47:13.954 D/RLOG-RIL(  361): AT> AT+CEREG=2
11-18 16:47:13.954 D/RILJ    (  889): [0041]> BASEBAND_VERSION [PHONE0]
11-18 16:47:13.955 D/RILJ    (  889): [0042]> RIL_REQUEST_DEVICE_IDENTITY [PHONE0]
11-18 16:47:13.956 D/RILJ    (  889): [0043]> RIL_REQUEST_GET_RADIO_CAPABILITY [PHONE0]
11-18 16:47:13.957 D/RLOG-RIL(  361): AT< OK
11-18 16:47:13.957 D/RLOG-RIL(  361): AT> AT+C5GREG=2
11-18 16:47:13.958 D/RILJ    (  889): [0044]> RIL_REQUEST_START_LCE reportIntervalMs = 200 pullMode = true [PHONE0]
11-18 16:47:13.959 D/RLOG-RIL(  361): AT< OK
11-18 16:47:13.960 D/RLOG-RIL(  361): AT> AT+CTZU=1
11-18 16:47:13.960 D/RILJ    (  889): [0045]> RIL_REQUEST_SEND_DEVICE_STATE 1:true [PHONE0]
11-18 16:47:13.962 D/RILJ    (  889): [0046]> RIL_REQUEST_SEND_DEVICE_STATE 2:false [PHONE0]
11-18 16:47:13.962 D/RLOG-RIL(  361): AT< OK
11-18 16:47:13.963 D/RLOG-RIL(  361): AT> AT+CSCS="IRA"
11-18 16:47:13.963 D/RILJ    (  889): [0047]> RIL_REQUEST_SEND_DEVICE_STATE 0:false [PHONE0]
11-18 16:47:13.964 D/RLOG-RIL(  361): AT< OK
11-18 16:47:13.964 D/RLOG-RIL(  361): AT> AT+CUSD=1
11-18 16:47:13.965 D/RILJ    (  889): [0048]> RIL_REQUEST_SET_UNSOLICITED_RESPONSE_FILTER -1 [PHONE0]
11-18 16:47:13.966 E/RILJ    (  889): setSignalStrengthReportingCriteria ignored on IRadio version less than 1.2 [PHONE0]
11-18 16:47:13.966 I/chatty  (  889): uid=1001(radio) com.android.phone identical 2 lines
11-18 16:47:13.966 E/RILJ    (  889): setSignalStrengthReportingCriteria ignored on IRadio version less than 1.2 [PHONE0]
11-18 16:47:13.967 D/RILJ    (  889): [0049]> RIL_REQUEST_SET_LINK_CAPACITY_REPORTING_CRITERIA [PHONE0]
11-18 16:47:13.967 D/RLOG-RIL(  361): AT< OK
11-18 16:47:13.967 E/RILJ    (  889): setLinkCapacityReportingCriteria ignored on IRadio version less than 1.2 [PHONE0]
11-18 16:47:13.967 D/RLOG-RIL(  361): AT> AT+CGEREP=1,0
11-18 16:47:13.968 D/RILJ    (  889): [0050]> RIL_REQUEST_SET_LINK_CAPACITY_REPORTING_CRITERIA [PHONE0]
11-18 16:47:13.968 E/RILJ    (  889): setLinkCapacityReportingCriteria ignored on IRadio version less than 1.2 [PHONE0]
11-18 16:47:13.969 D/RILJ    (  889): [0051]> RIL_REQUEST_SET_LINK_CAPACITY_REPORTING_CRITERIA [PHONE0]
11-18 16:47:13.969 E/RILJ    (  889): setLinkCapacityReportingCriteria ignored on IRadio version less than 1.2 [PHONE0]
11-18 16:47:13.970 D/RLOG-RIL(  361): AT< OK
11-18 16:47:13.970 D/RILJ    (  889): [0052]> RIL_REQUEST_SET_LINK_CAPACITY_REPORTING_CRITERIA [PHONE0]
11-18 16:47:13.970 D/RLOG-RIL(  361): AT> AT+CCID?
11-18 16:47:13.970 E/RILJ    (  889): setLinkCapacityReportingCriteria ignored on IRadio version less than 1.2 [PHONE0]
11-18 16:47:13.970 D/DCT-C-0 (  889): onRadioAvailable
11-18 16:47:13.970 D/PhoneCfgMgr(  889): Received EVENT_RADIO_AVAILABLE/EVENT_RADIO_ON
11-18 16:47:13.971 D/PhoneCfgMgr(  889): getStaticPhoneCapability: sending the request for getting PhoneCapability
11-18 16:47:13.971 D/PhoneCfgMgr(  889): getStaticPhoneCapability: mStaticCapability maxActiveVoiceCalls=1 maxActiveData=1 max5G=0logicalModemList:[modemId=0 rat=0 isVoiceSupported:true isDataSupported:true]
11-18 16:47:13.973 D/RLOG-RIL(  361): AT< +CCID: "89860121842361384407"
11-18 16:47:13.973 D/RLOG-RIL(  361): AT< OK
11-18 16:47:13.973 D/RILJ    (  889): [0053]> GET_CURRENT_CALLS [PHONE0]
11-18 16:47:13.974 D/RILC    (  361): setRadioPowerResponse: serial 15
11-18 16:47:13.974 D/RLOG-RIL(  361): onRequest(22): OPERATOR
11-18 16:47:13.974 D/RLOG-RIL(  361): AT> AT
11-18 16:47:13.974 D/RLOG-RIL(  361): AT> AT+CMGF=0
11-18 16:47:13.975 D/RILJ    (  889): [0054]> RIL_REQUEST_IMS_REGISTRATION_STATE [PHONE0]
11-18 16:47:13.975 D/RILJ    (  889): [0015]< RADIO_POWER  [PHONE0]
11-18 16:47:13.976 D/GsmCdmaPhone(  889): [0] Event EVENT_RADIO_ON Received
11-18 16:47:13.977 D/RILJ    (  889): [0055]> RIL_REQUEST_VOICE_RADIO_TECH [PHONE0]
11-18 16:47:13.977 D/RLOG-RIL(  361): AT< OK
11-18 16:47:13.977 D/RLOG-RIL(  361): AT> AT+COPS=3,0;+COPS?;+COPS=3,1;+COPS?;+COPS=3,2;+COPS?
11-18 16:47:13.979 D/RLOG-RIL(  361): AT< OK
11-18 16:47:13.979 D/RLOG-RIL(  361): AT> AT+CSMS=1
11-18 16:47:13.979 D/RILJ    (  889): [0056]> RIL_REQUEST_CDMA_GET_SUBSCRIPTION_SOURCE [PHONE0]
11-18 16:47:13.979 D/UiccController(  889): handleMessage: Received ICC_STATUS_CHANGED for phoneId 0
11-18 16:47:13.980 D/UiccController(  889): Received EVENT_ICC_STATUS_CHANGED, calling getIccCardStatus
11-18 16:47:13.982 D/RILJ    (  889): [0057]> GET_SIM_STATUS [PHONE0]
11-18 16:47:13.982 D/NetworkTypeController(  889): [0] LegacyState: process EVENT_PHYSICAL_LINK_STATE_CHANGED
11-18 16:47:13.982 D/NetworkTypeController(  889): [0] Remove all timers
11-18 16:47:13.983 D/GsmCdmaPhone(  889): [0] Received exception on event55 : com.android.internal.telephony.CommandException: REQUEST_NOT_SUPPORTED
11-18 16:47:13.983 D/PhoneCfgMgr(  889): 102 failure. Not updating modem status.com.android.internal.telephony.CommandException: REQUEST_NOT_SUPPORTED
11-18 16:47:13.983 D/PhoneCfgMgr(  889): 103 failure. Not getting phone capability.com.android.internal.telephony.CommandException: REQUEST_NOT_SUPPORTED
11-18 16:47:13.984 D/RLOG-RIL(  361): AT< +COPS: 0
11-18 16:47:13.987 I/chatty  (  361): uid=0(root) /vendor/bin/hw/rild identical 1 line
11-18 16:47:13.987 D/RLOG-RIL(  361): AT< +COPS: 0
11-18 16:47:13.987 D/RLOG-RIL(  361): AT< OK
11-18 16:47:13.987 E/RLOG-RIL(  361): RequestOperator must not return error when radio is on
11-18 16:47:13.987 E/RILC    (  361): getOperatorResponse Invalid response: NULL
11-18 16:47:13.988 D/RLOG-RIL(  361): onRequest(45): QUERY_NETWORK_SELECTION_MODE
11-18 16:47:13.988 D/RLOG-RIL(  361): AT> AT+COPS?
11-18 16:47:13.988 D/RILJ    (  889): [0016]< OPERATOR error 2 [PHONE0]
11-18 16:47:13.989 D/RLOG-RIL(  361): AT< +CSMS: 1,1,1
11-18 16:47:13.989 D/RLOG-RIL(  361): AT< OK
11-18 16:47:13.989 D/RLOG-RIL(  361): AT> AT+CNMI=2,1,0,0,0
11-18 16:47:13.989 D/RilRequest(  889): [0016]< OPERATOR error: com.android.internal.telephony.CommandException: GENERIC_FAILURE ret={, , }
11-18 16:47:13.989 D/SST     (  889): [0] received event 7
11-18 16:47:13.990 D/RLOG-RIL(  361): AT< +COPS: 0
11-18 16:47:13.990 D/RLOG-RIL(  361): AT< OK
11-18 16:47:13.990 E/RLOG-RIL(  361): requestQueryNetworkSelectionMode must never return error when radio is on
11-18 16:47:13.990 E/RILC    (  361): getNetworkSelectionModeResponse Invalid response: NULL
11-18 16:47:13.991 D/RLOG-RIL(  361): onRequest(21): DATA_REGISTRATION_STATE
11-18 16:47:13.991 D/RLOG-RIL(  361): requestRegistrationState
11-18 16:47:13.991 D/RLOG-RIL(  361): AT> AT^SYSINFO
11-18 16:47:13.991 D/RILJ    (  889): [0017]< QUERY_NETWORK_SELECTION_MODE error 2 [PHONE0]
11-18 16:47:13.992 D/RilRequest(  889): [0017]< QUERY_NETWORK_SELECTION_MODE error: com.android.internal.telephony.CommandException: GENERIC_FAILURE ret={0}
11-18 16:47:13.992 D/RLOG-RIL(  361): AT< OK
11-18 16:47:13.992 D/SST     (  889): [0] received event 14
11-18 16:47:13.992 D/RLOG-RIL(  361): AT> AT+CPMS="ME","ME","ME"
11-18 16:47:13.992 D/SST     (  889): [0] EVENT_POLL_STATE_NETWORK_SELECTION_MODE
11-18 16:47:13.993 D/RLOG-RIL(  361): AT< ^SYSINFO: 0,0,0,0,1,0,0
11-18 16:47:13.993 D/RLOG-RIL(  361): AT< OK
11-18 16:47:13.993 D/RLOG-RIL(  361): AT> AT+CEREG?
11-18 16:47:13.995 D/RLOG-RIL(  361): AT< +CPMS: 0,100,0,100,0,100
11-18 16:47:13.995 D/RLOG-RIL(  361): AT< OK
11-18 16:47:13.995 D/RLOG-RIL(  361): AT> AT+CMGD=0,2
11-18 16:47:13.997 D/RLOG-RIL(  361): AT< +CEREG: 2,2
11-18 16:47:13.997 D/RLOG-RIL(  361): AT< OK
11-18 16:47:13.997 D/RLOG-RIL(  361): AT> AT+CREG?
11-18 16:47:13.997 D/RILJ    (  889): [UNSL]< UNSOL_RESPONSE_NETWORK_STATE_CHANGED [PHONE0]
11-18 16:47:13.998 D/NRM-C-0 (  889): onNetworkStateChanged
11-18 16:47:13.998 D/SST     (  889): [0] received event 2
11-18 16:47:13.998 D/SST     (  889): [0] pollState: modemTriggered=true
11-18 16:47:13.998 D/RLOG-RIL(  361): AT< +CME ERROR: 65536014
11-18 16:47:14.000 D/RLOG-RIL(  361): AT< +CREG: 2,2
11-18 16:47:14.000 D/RLOG-RIL(  361): AT< OK
11-18 16:47:14.000 D/RILJ    (  889): [UNSL]< UNSOL_RESPONSE_NETWORK_STATE_CHANGED [PHONE0]
11-18 16:47:14.000 D/RILJ    (  889): [0058]> OPERATOR [PHONE0]
11-18 16:47:14.000 D/NRM-C-0 (  889): onNetworkStateChanged
11-18 16:47:14.002 D/RILJ    (  889): [0059]> DATA_REGISTRATION_STATE [PHONE0]
11-18 16:47:14.002 D/RILJ    (  889): getDataRegistrationState: overrideHalVersion=null [PHONE0]
11-18 16:47:14.003 D/RILJ    (  889): [0060]> QUERY_NETWORK_SELECTION_MODE [PHONE0]
11-18 16:47:14.005 D/RILJ    (  889): [0061]> VOICE_REGISTRATION_STATE [PHONE0]
11-18 16:47:14.005 D/RILJ    (  889): getVoiceRegistrationState: overrideHalVersion=null [PHONE0]
11-18 16:47:14.006 D/RILJ    (  889): [0062]> SIGNAL_STRENGTH [PHONE0]
11-18 16:47:14.006 D/SST     (  889): [0] received event 2
11-18 16:47:14.006 D/SST     (  889): [0] pollState: modemTriggered=true
11-18 16:47:14.008 D/RILJ    (  889): [0063]> OPERATOR [PHONE0]
11-18 16:47:14.010 D/RILJ    (  889): [0064]> QUERY_NETWORK_SELECTION_MODE [PHONE0]
11-18 16:47:14.011 D/RILJ    (  889): [0065]> DATA_REGISTRATION_STATE [PHONE0]
11-18 16:47:14.011 D/RILJ    (  889): getDataRegistrationState: overrideHalVersion=null [PHONE0]
11-18 16:47:14.012 D/RILJ    (  889): [0066]> SIGNAL_STRENGTH [PHONE0]
11-18 16:47:14.013 D/RILJ    (  889): [0067]> VOICE_REGISTRATION_STATE [PHONE0]
11-18 16:47:14.014 D/RILJ    (  889): getVoiceRegistrationState: overrideHalVersion=null [PHONE0]
11-18 16:48:14.014 D/RILJ    (  889): NOTE: mWakeLockCount is 52at time of clearing
11-18 16:48:14.021 D/RILJ    (  889): WAKE_LOCK_TIMEOUT  mRequestList=52
11-18 16:48:14.021 D/RILJ    (  889): 0: [11] RIL_REQUEST_SET_LINK_CAPACITY_REPORTING_CRITERIA
11-18 16:48:14.021 D/RILJ    (  889): 1: [12] RIL_REQUEST_SET_LINK_CAPACITY_REPORTING_CRITERIA
11-18 16:48:14.021 D/RILJ    (  889): 2: [13] RIL_REQUEST_SET_LINK_CAPACITY_REPORTING_CRITERIA
11-18 16:48:14.021 D/RILJ    (  889): 3: [14] RIL_REQUEST_SET_LINK_CAPACITY_REPORTING_CRITERIA
11-18 16:48:14.021 D/RILJ    (  889): 4: [18] DATA_REGISTRATION_STATE
11-18 16:48:14.021 D/RILJ    (  889): 5: [19] GET_SIM_STATUS
11-18 16:48:14.022 D/RILJ    (  889): 6: [20] VOICE_REGISTRATION_STATE
11-18 16:48:14.022 D/RILJ    (  889): 7: [22] BASEBAND_VERSION
11-18 16:48:14.022 D/RILJ    (  889): 8: [23] RIL_REQUEST_DEVICE_IDENTITY
11-18 16:48:14.022 D/RILJ    (  889): 9: [24] RIL_REQUEST_GET_RADIO_CAPABILITY
11-18 16:48:14.022 D/RILJ    (  889): 10: [25] RIL_REQUEST_START_LCE
11-18 16:48:14.022 D/RILJ    (  889): 11: [26] RIL_REQUEST_SEND_DEVICE_STATE
11-18 16:48:14.022 D/RILJ    (  889): 12: [27] RIL_REQUEST_SEND_DEVICE_STATE
11-18 16:48:14.022 D/RILJ    (  889): 13: [28] RIL_REQUEST_SEND_DEVICE_STATE
11-18 16:48:14.022 D/RILJ    (  889): 14: [29] RIL_REQUEST_SET_UNSOLICITED_RESPONSE_FILTER
11-18 16:48:14.022 D/RILJ    (  889): 15: [30] RIL_REQUEST_SET_LINK_CAPACITY_REPORTING_CRITERIA
11-18 16:48:14.022 D/RILJ    (  889): 16: [31] RIL_REQUEST_SET_LINK_CAPACITY_REPORTING_CRITERIA
11-18 16:48:14.022 D/RILJ    (  889): 17: [32] RIL_REQUEST_SET_LINK_CAPACITY_REPORTING_CRITERIA
11-18 16:48:14.022 D/RILJ    (  889): 18: [33] RIL_REQUEST_SET_LINK_CAPACITY_REPORTING_CRITERIA
11-18 16:48:14.022 D/RILJ    (  889): 19: [34] GET_CURRENT_CALLS
11-18 16:48:14.022 D/RILJ    (  889): 20: [35] OPERATOR
11-18 16:48:14.022 D/RILJ    (  889): 21: [36] QUERY_NETWORK_SELECTION_MODE
11-18 16:48:14.022 D/RILJ    (  889): 22: [37] DATA_REGISTRATION_STATE
11-18 16:48:14.022 D/RILJ    (  889): 23: [38] GET_SIM_STATUS
11-18 16:48:14.022 D/RILJ    (  889): 24: [39] VOICE_REGISTRATION_STATE
11-18 16:48:14.022 D/RILJ    (  889): 25: [41] BASEBAND_VERSION
11-18 16:48:14.023 D/RILJ    (  889): 26: [42] RIL_REQUEST_DEVICE_IDENTITY
11-18 16:48:14.023 D/RILJ    (  889): 27: [43] RIL_REQUEST_GET_RADIO_CAPABILITY
11-18 16:48:14.023 D/RILJ    (  889): 28: [44] RIL_REQUEST_START_LCE
11-18 16:48:14.023 D/RILJ    (  889): 29: [45] RIL_REQUEST_SEND_DEVICE_STATE
11-18 16:48:14.023 D/RILJ    (  889): 30: [46] RIL_REQUEST_SEND_DEVICE_STATE
11-18 16:48:14.023 D/RILJ    (  889): 31: [47] RIL_REQUEST_SEND_DEVICE_STATE
11-18 16:48:14.023 D/RILJ    (  889): 32: [48] RIL_REQUEST_SET_UNSOLICITED_RESPONSE_FILTER
11-18 16:48:14.023 D/RILJ    (  889): 33: [49] RIL_REQUEST_SET_LINK_CAPACITY_REPORTING_CRITERIA
11-18 16:48:14.023 D/RILJ    (  889): 34: [50] RIL_REQUEST_SET_LINK_CAPACITY_REPORTING_CRITERIA
11-18 16:48:14.023 D/RILJ    (  889): 35: [51] RIL_REQUEST_SET_LINK_CAPACITY_REPORTING_CRITERIA
11-18 16:48:14.023 D/RILJ    (  889): 36: [52] RIL_REQUEST_SET_LINK_CAPACITY_REPORTING_CRITERIA
11-18 16:48:14.023 D/RILJ    (  889): 37: [53] GET_CURRENT_CALLS
11-18 16:48:14.023 D/RILJ    (  889): 38: [54] RIL_REQUEST_IMS_REGISTRATION_STATE
11-18 16:48:14.023 D/RILJ    (  889): 39: [55] RIL_REQUEST_VOICE_RADIO_TECH
11-18 16:48:14.023 D/RILJ    (  889): 40: [56] RIL_REQUEST_CDMA_GET_SUBSCRIPTION_SOURCE
11-18 16:48:14.023 D/RILJ    (  889): 41: [57] GET_SIM_STATUS
11-18 16:48:14.023 D/RILJ    (  889): 42: [58] OPERATOR
11-18 16:48:14.023 D/RILJ    (  889): 43: [59] DATA_REGISTRATION_STATE
11-18 16:48:14.023 D/RILJ    (  889): 44: [60] QUERY_NETWORK_SELECTION_MODE
11-18 16:48:14.023 D/RILJ    (  889): 45: [61] VOICE_REGISTRATION_STATE
11-18 16:48:14.023 D/RILJ    (  889): 46: [62] SIGNAL_STRENGTH
11-18 16:48:14.023 D/RILJ    (  889): 47: [63] OPERATOR
11-18 16:48:14.023 D/RILJ    (  889): 48: [64] QUERY_NETWORK_SELECTION_MODE
11-18 16:48:14.023 D/RILJ    (  889): 49: [65] DATA_REGISTRATION_STATE
11-18 16:48:14.023 D/RILJ    (  889): 50: [66] SIGNAL_STRENGTH
11-18 16:48:14.024 D/RILJ    (  889): 51: [67] VOICE_REGISTRATION_STATE
